MPLINK 4.41, Linker
Linker Map File - Created Tue Dec 04 15:27:32 2018

                                 Section Info
                  Section       Type    Address   Location Size(Bytes)
                ---------  ---------  ---------  ---------  ---------
                   .org_0       code   0x000000    program   0x000000
                   .org_1       code   0x000000    program   0x000028



                              Program Memory Usage 
                               Start         End      
                           ---------   ---------      
                            0x000000    0x000013      
            20 out of 8454 program addresses used, program memory utilization is 0%



                              Symbols - Sorted by Name
                     Name    Address   Location    Storage File                     
                ---------  ---------  ---------  --------- ---------                
              BUTTONCLICK   0x00000d    program     static D:\PIC16F877\PIC16F877.ASM
                     LOOP   0x000009    program     static D:\PIC16F877\PIC16F877.ASM
                    Start   0x000001    program     static D:\PIC16F877\PIC16F877.ASM



                              Symbols - Sorted by Address
                     Name    Address   Location    Storage File                     
                ---------  ---------  ---------  --------- ---------                
                    Start   0x000001    program     static D:\PIC16F877\PIC16F877.ASM
                     LOOP   0x000009    program     static D:\PIC16F877\PIC16F877.ASM
              BUTTONCLICK   0x00000d    program     static D:\PIC16F877\PIC16F877.ASM


