MPLINK 4.41, Linker
Linker Map File - Created Mon Dec 17 21:36:53 2018

                                 Section Info
                  Section       Type    Address   Location Size(Bytes)
                ---------  ---------  ---------  ---------  ---------
                   .org_0       code   0x000000    program   0x000000
                   .org_1       code   0x000000    program   0x000088
.config_2007_PIC16F877A.O       code   0x002007    program   0x000002



                              Program Memory Usage 
                               Start         End      
                           ---------   ---------      
                            0x000000    0x000043      
                            0x002007    0x002007      
            69 out of 8454 program addresses used, program memory utilization is 0%



                              Symbols - Sorted by Name
                     Name    Address   Location    Storage File                     
                ---------  ---------  ---------  --------- ---------                
             BUTTON_CLICK   0x00000f    program     static E:\MICRO_FIN\PIC16F877A\PIC16F877A.ASM
               DEC_LIGHTS   0x000026    program     static E:\MICRO_FIN\PIC16F877A\PIC16F877A.ASM
                     LDEC   0x000018    program     static E:\MICRO_FIN\PIC16F877A\PIC16F877A.ASM
                     LOOP   0x000006    program     static E:\MICRO_FIN\PIC16F877A\PIC16F877A.ASM
      MODIFICATION_LIGHTS   0x000014    program     static E:\MICRO_FIN\PIC16F877A\PIC16F877A.ASM
           RUNNING_LIGHTS   0x00000a    program     static E:\MICRO_FIN\PIC16F877A\PIC16F877A.ASM
                    Start   0x000001    program     static E:\MICRO_FIN\PIC16F877A\PIC16F877A.ASM
               WAITBUTTON   0x000028    program     static E:\MICRO_FIN\PIC16F877A\PIC16F877A.ASM
                     XOR0   0x000020    program     static E:\MICRO_FIN\PIC16F877A\PIC16F877A.ASM
               XOR0_FALSE   0x00000c    program     static E:\MICRO_FIN\PIC16F877A\PIC16F877A.ASM
                   XOR255   0x00001a    program     static E:\MICRO_FIN\PIC16F877A\PIC16F877A.ASM
                      del   0x000029    program     static E:\MICRO_FIN\PIC16F877A\PIC16F877A.ASM
                    delay   0x00002c    program     static E:\MICRO_FIN\PIC16F877A\PIC16F877A.ASM
                   delay2   0x000038    program     static E:\MICRO_FIN\PIC16F877A\PIC16F877A.ASM
                    loop0   0x00002f    program     static E:\MICRO_FIN\PIC16F877A\PIC16F877A.ASM
                    loop1   0x000030    program     static E:\MICRO_FIN\PIC16F877A\PIC16F877A.ASM
                    loop2   0x000031    program     static E:\MICRO_FIN\PIC16F877A\PIC16F877A.ASM
                     lop0   0x00003b    program     static E:\MICRO_FIN\PIC16F877A\PIC16F877A.ASM
                     lop1   0x00003c    program     static E:\MICRO_FIN\PIC16F877A\PIC16F877A.ASM
                     lop2   0x00003d    program     static E:\MICRO_FIN\PIC16F877A\PIC16F877A.ASM



                              Symbols - Sorted by Address
                     Name    Address   Location    Storage File                     
                ---------  ---------  ---------  --------- ---------                
                    Start   0x000001    program     static E:\MICRO_FIN\PIC16F877A\PIC16F877A.ASM
                     LOOP   0x000006    program     static E:\MICRO_FIN\PIC16F877A\PIC16F877A.ASM
           RUNNING_LIGHTS   0x00000a    program     static E:\MICRO_FIN\PIC16F877A\PIC16F877A.ASM
               XOR0_FALSE   0x00000c    program     static E:\MICRO_FIN\PIC16F877A\PIC16F877A.ASM
             BUTTON_CLICK   0x00000f    program     static E:\MICRO_FIN\PIC16F877A\PIC16F877A.ASM
      MODIFICATION_LIGHTS   0x000014    program     static E:\MICRO_FIN\PIC16F877A\PIC16F877A.ASM
                     LDEC   0x000018    program     static E:\MICRO_FIN\PIC16F877A\PIC16F877A.ASM
                   XOR255   0x00001a    program     static E:\MICRO_FIN\PIC16F877A\PIC16F877A.ASM
                     XOR0   0x000020    program     static E:\MICRO_FIN\PIC16F877A\PIC16F877A.ASM
               DEC_LIGHTS   0x000026    program     static E:\MICRO_FIN\PIC16F877A\PIC16F877A.ASM
               WAITBUTTON   0x000028    program     static E:\MICRO_FIN\PIC16F877A\PIC16F877A.ASM
                      del   0x000029    program     static E:\MICRO_FIN\PIC16F877A\PIC16F877A.ASM
                    delay   0x00002c    program     static E:\MICRO_FIN\PIC16F877A\PIC16F877A.ASM
                    loop0   0x00002f    program     static E:\MICRO_FIN\PIC16F877A\PIC16F877A.ASM
                    loop1   0x000030    program     static E:\MICRO_FIN\PIC16F877A\PIC16F877A.ASM
                    loop2   0x000031    program     static E:\MICRO_FIN\PIC16F877A\PIC16F877A.ASM
                   delay2   0x000038    program     static E:\MICRO_FIN\PIC16F877A\PIC16F877A.ASM
                     lop0   0x00003b    program     static E:\MICRO_FIN\PIC16F877A\PIC16F877A.ASM
                     lop1   0x00003c    program     static E:\MICRO_FIN\PIC16F877A\PIC16F877A.ASM
                     lop2   0x00003d    program     static E:\MICRO_FIN\PIC16F877A\PIC16F877A.ASM


